// Jest Snapshot v1, https://goo.gl/fbAQLP

exports[`CellComponent renders the cell component correctly 1`] = `
<CellComponent
  cell={
    Cell {
      "id": "",
      "status": Dead {},
    }
  }
  onCellClicked={[Function]}
/>
`;
