// Jest Snapshot v1, https://goo.gl/fbAQLP

exports[`GridComponent renders the grid component correctly 1`] = `
<GridComponent
  grid={
    Grid {
      "matrix": Array [],
    }
  }
  onCellClicked={[Function]}
/>
`;
