// Jest Snapshot v1, https://goo.gl/fbAQLP

exports[`Player renders the options component correctly 1`] = `
<Player
  onEvolveClick={[Function]}
  onStepsUpdate={[Function]}
  steps={4}
/>
`;
